Telnyx setup complete and verified
